// Jest Snapshot v1, https://goo.gl/fbAQLP

exports[`ProposalOptionTag Should match snapshot 1`] = `
<div>
   
  <span
    class="sc-bczRLJ frTcns"
    color="blue"
  >
    For
  </span>
   
</div>
`;
