// Jest Snapshot v1, https://goo.gl/fbAQLP

exports[`ProposalTypes Should match snapshot 1`] = `
<div>
   
  <div
    class="sc-pGacB sc-hBEYId imomAO"
  >
    <div
      class="sc-pGacB sc-fFucqa imomAO eKAtoq"
    >
      <div
        class="sc-pGacB sc-iwyWTf imomAO knnsRI"
      >
        <button
          class="sc-bdfBQB cAORUT"
        >
          <div
            class="sc-jSgvzq dMuAyB"
          >
            <svg
              fill="currentColor"
              height="1em"
              stroke="currentColor"
              stroke-width="0"
              viewBox="0 0 1024 1024"
              width="1em"
              xmlns="http://www.w3.org/2000/svg"
            >
              <path
                d="M872 474H286.9l350.2-304c5.6-4.9 2.2-14-5.2-14h-88.5c-3.9 0-7.6 1.4-10.5 3.9L155 487.8a31.96 31.96 0 0 0 0 48.3L535.1 866c1.5 1.3 3.3 2 5.2 2h91.5c7.4 0 10.8-9.2 5.2-14L286.9 550H872c4.4 0 8-3.6 8-8v-60c0-4.4-3.6-8-8-8z"
              />
            </svg>
          </div>
          backToOverview
        </button>
      </div>
      <div
        class="sc-pGacB sc-hHfuMS imomAO cEEget"
      >
        <div
          class="sc-pGacB sc-lmoMya imomAO cdlwzX"
        >
          <h2
            class="sc-gKseQn fMfHRo"
            size="2"
          >
            createProposal
          </h2>
        </div>
        <div
          class="sc-pGacB sc-bkzYnD imomAO eCFhqu"
        >
          <div
            class="sc-pGacB sc-idOiZg imomAO Uznir"
            data-testid="proposal-types-list"
          >
            <div
              class="sc-pGacB sc-kfzBvY imomAO cYRbeJ"
            >
              chooseProposal
            </div>
            <button
              class="sc-bdfBQB sc-dmlqKv cAORUT fSVQWC"
            >
              Signal Proposal
            </button>
            <button
              class="sc-bdfBQB sc-dmlqKv cAORUT fSVQWC"
            >
              Custom Proposal
            </button>
          </div>
        </div>
        <div
          class="sc-pGacB sc-bkzYnD imomAO eCFhqu"
        >
          <div
            class="sc-pGacB sc-idOiZg imomAO Uznir"
          >
            <div
              class="sc-pGacB sc-dIUeWJ imomAO hibDnZ"
            >
              <div
                class="sc-pGacB sc-iJuVqt imomAO ggHXoL"
                color="#fff"
              >
                Signal Proposal
              </div>
              <div
                class="sc-pGacB sc-iJuVqt imomAO cfpTdd"
                color="#BDC0C7"
              >
                Lorem ipsum dolor sit amet, consectetur adipiscing elit. Sed leo quam, blandit eu sapien eu, commodo dapibus nisl
              </div>
              <div
                class="sc-pGacB sc-iJuVqt imomAO cfpTdd"
                color="#BDC0C7"
              >
                noOnchainAction
              </div>
            </div>
          </div>
        </div>
      </div>
      <div
        class="sc-pGacB sc-fKFxtB imomAO ligvnW"
      >
        <button
          class="sc-bdfBQB sc-bBXrwG cnzpap iljmeA"
          data-testid="proposal-type-continue-button"
        >
          continue
        </button>
      </div>
    </div>
  </div>
   
</div>
`;
